==================================================
ABSOLUTE PEAK UVLOOP AUDIT REPORT
==================================================
Timestamp: 2026-09-28 17:33:20
Total Requests: 10,000
Peak Concurrency: 100 (uvloop C-Speed)
Total Duration: 2.0737 seconds
Sustained Throughput: 4,822.32 req/sec
--------------------------------------------------
Vector Breakdown:
- Toll Bridge Executions: 3,422
- Live-Data Shadow Arbitrage Runs: 3,240
- Latency Worker Probes: 3,338
- Total Successful Transactions: 10,000/10,000 (100.00%)
- Failed / Error States: 0
--------------------------------------------------
Absolute Tail Latency Distribution:
- Median (p50): 1012.78 ms
- Tail (p95): 1923.62 ms
- Tail (p99): 2000.68 ms
Status: ABSOLUTE PEAK PERFORMANCE VERIFIED
==================================================
