==================================================
ELITE LOW-LATENCY FINE-TUNED AUDIT REPORT
==================================================
Timestamp: 2026-09-28 17:31:36
Total Requests: 15,000
Optimized Concurrency: 250
Total Duration: 3.8773 seconds
Sustained Throughput: 3,868.66 req/sec
--------------------------------------------------
Vector Breakdown:
- Toll Bridge Executions: 5,014
- Shadow Arbitrage Runs (Live Data): 5,018
- Latency Worker Probes: 4,968
- Total Successful Transactions: 15,000/15,000 (100.00%)
- Failed / Error States: 0
--------------------------------------------------
Elite Tail Latency Distribution:
- Median (p50): 1880.92 ms
- Tail (p95): 3623.56 ms
- Tail (p99): 3761.43 ms
Status: ELITE LOW-LATENCY PROOF VERIFIED
==================================================
