==================================================
HYPER-TUNED MASTER AUDIT & SHADOW PROOF REPORT
==================================================
Timestamp: 2026-09-28 17:29:16
Total Requests Swept: 30,000
Controlled Concurrency: 1,000
Total Duration: 8.7664 seconds
Sustained Throughput: 3,422.15 req/sec
--------------------------------------------------
Vector Breakdown:
- Toll Bridge Executions: 9,946
- Live-Data Shadow Arbitrage Runs: 10,214
- Latency Worker Probes: 9,840
- Total Successful Transactions: 30,000/30,000 (100.00%)
- Failed / Error States: 0
--------------------------------------------------
Tail Latency Distribution:
- Median (p50): 4383.76 ms
- Tail (p95): 8197.48 ms
- Tail (p99): 8443.15 ms
Status: HYPER-TUNED UNASSAILABLE PROOF VERIFIED
==================================================
